apiVersion: kubeone.k8c.io/v1beta2
kind: KubeOneCluster
name: example

versions:
  kubernetes: v1.24.4

cloudProvider:
  none: {}
containerRuntime:
  containerd: {}


machineController:
  deploy: false

operatingSystemManager:
  deploy: false

