apiVersion: kubeone.k8c.io/v1beta2
kind: KubeOneCluster
name: example

versions:
  kubernetes: v1.24.4

cloudProvider:
  digitalocean: {}
  external: true

containerRuntime:
  containerd: {}


addons:
  enable: true
  addons:
    - name: default-storage-class
