apiVersion: kubeone.k8c.io/v1beta2
kind: KubeOneCluster
name: example

versions:
  kubernetes: v1.24.4

cloudProvider:
  openstack: {}
  external: true

  cloudConfig: |
    [Global]
    auth-url=<KEYSTONE-URL>
    username=<USER>
    password=<PASSWORD>
    tenant-id=<TENANT-ID>
    domain-name=DEFAULT
    region=<REGION>
    
    [LoadBalancer]
    [BlockStorage]
    
containerRuntime:
  containerd: {}


addons:
  enable: true
  addons:
    - name: default-storage-class
