name: demo
versions:
  kubernetes: 1.14.1
hosts:
- sshAgentSocket: env:SSH_AUTH_SOCK
  publicAddress: 1.1.1.1
  privateAddress: 1.1.1.2
  sshPort: 22
  sshUsername: ubuntu
  sshPrivateKeyFile: /home/me/.ssh/id_rsa
- sshAgentSocket: env:SSH_AUTH_SOCK
  publicAddress: 1.1.1.3
  privateAddress: 1.1.1.4
  sshPort: 22
  sshUsername: ubuntu
  sshPrivateKeyFile: /home/me/.ssh/id_rsa
- sshAgentSocket: env:SSH_AUTH_SOCK
  publicAddress: 1.1.1.5
  privateAddress: 1.1.1.6
  sshPort: 2222
  sshUsername: ubuntu
  sshPrivateKeyFile: /home/me/.ssh/id_rsa
apiVersion: kubeone.io/v1alpha1
kind: KubeOneCluster
cloudProvider:
  name: aws
