apiVersion: kubeone.k8c.io/v1beta2
kind: KubeOneCluster
name: demo-cluster
versions:
  kubernetes: 1.18.2
clusterNetwork:
  podSubnet: ""
  serviceSubnet: ""
  serviceDomainName: ""
  nodePortRange: ""
  kubeProxy:
    ipvs:
      scheduler: rr
      strictARP: false
      tcpTimeout: "0"
      tcpFinTimeout: "0"
      udpTimeout: "0"
      excludeCIDRs: []
    iptables: {}
  cni:
    canal:
      mtu: 1450
cloudProvider:
  aws: {}
  external: false
  cloudConfig: ""
  csiConfig: ""
containerRuntime: null
features:
  podNodeSelector:
    enable: false
    config:
      configFilePath: ""
  podSecurityPolicy:
    enable: false
  staticAuditLog:
    enable: false
    config:
      policyFilePath: ""
      logPath: /var/log/kubernetes/audit.log
      logMaxAge: 30
      logMaxBackup: 3
      logMaxSize: 100
  dynamicAuditLog:
    enable: false
  metricsServer:
    enable: true
  openidConnect:
    enable: false
    config:
      issuerUrl: ""
      clientId: kubernetes
      usernameClaim: sub
      usernamePrefix: 'oidc:'
      groupsClaim: groups
      groupsPrefix: 'oidc:'
      signingAlgs: RS256
      requiredClaim: ""
      caFile: ""
  encryptionProviders:
    enable: false
    customEncryptionConfiguration: ""
caBundle: ""
systemPackages:
  configureRepositories: true
registryConfiguration:
  overwriteRegistry: ""
  insecureRegistry: false
addons:
  enable: false
  path: ./addons
  globalParams:
    key: value
  addons:
  - name: ""
    delete: false
    params:
      key: value
machineController:
  deploy: true
