apiVersion: kubeone.io/v1beta1
kind: KubeOneCluster
name: test
versions:
  kubernetes: 1.18.2
cloudProvider:
  aws: {}
