apiVersion: kubeone.k8c.io/v1beta2
kind: KubeOneCluster
name: test
versions:
  kubernetes: 1.18.2
cloudProvider:
  equinixmetal: {}
