set -xeu pipefail
export "PATH=$PATH:/sbin:/usr/local/bin:/opt/bin"

sudo swapoff -a
sudo sed -i '/.*swap.*/d' /etc/fstab
sudo setenforce 0 || true
sudo sed -i 's/SELINUX=enforcing/SELINUX=permissive/g' /etc/sysconfig/selinux
sudo sed -i 's/SELINUX=enforcing/SELINUX=permissive/g' /etc/selinux/config
sudo systemctl disable --now firewalld || true

source /etc/kubeone/proxy-env


sudo mkdir -p /etc/docker
cat <<EOF | sudo tee /etc/docker/daemon.json
{
	"exec-opts": ["native.cgroupdriver=systemd"],
	"storage-driver": "overlay2",
	"log-driver": "json-file",
	"log-opts": {
		"max-size": "100m"
	}
}
EOF


sudo mkdir -p /etc/sysctl.d
cat <<EOF | sudo tee /etc/sysctl.d/k8s.conf
net.bridge.bridge-nf-call-ip6tables = 1
net.bridge.bridge-nf-call-iptables = 1
kernel.panic_on_oops = 1
kernel.panic = 10
net.ipv4.ip_forward = 1
vm.overcommit_memory = 1
fs.inotify.max_user_watches = 1048576
EOF
sudo sysctl --system


sudo mkdir -p /etc/systemd/journald.conf.d
cat <<EOF | sudo tee /etc/systemd/journald.conf.d/max_disk_use.conf
[Journal]
SystemMaxUse=5G
EOF
sudo systemctl force-reload systemd-journald


yum_proxy=""
yum_proxy="proxy=http://my-proxy.tld #kubeone"

grep -v '#kubeone' /etc/yum.conf > /tmp/yum.conf || true
echo -n "${yum_proxy}" >> /tmp/yum.conf
sudo mv /tmp/yum.conf /etc/yum.conf


cat <<EOF | sudo tee /etc/yum.repos.d/kubernetes.repo
[kubernetes]
name=Kubernetes
baseurl=https://packages.cloud.google.com/yum/repos/kubernetes-el7-x86_64
enabled=1
gpgcheck=1
repo_gpgcheck=1
gpgkey=https://packages.cloud.google.com/yum/doc/yum-key.gpg https://packages.cloud.google.com/yum/doc/rpm-package-key.gpg
EOF

sudo yum install -y yum-utils
sudo yum-config-manager --add-repo=https://download.docker.com/linux/centos/docker-ce.repo
sudo yum-config-manager --save --setopt=docker-ce-stable.module_hotfixes=true >/dev/null
# CentOS has two different Docker repos for CentOS7 and CentOS8. The CentOS8 repo currently
# contains only Docker 19.03.13, which is not validated for all Kubernetes version.
# Therefore, we use CentOS7 repo which has all Docker versions.
sudo sed -i 's/\$releasever/7/g' /etc/yum.repos.d/docker-ce.repo


sudo yum install -y \
	yum-plugin-versionlock \
	device-mapper-persistent-data \
	lvm2

sudo yum install -y \
	kubelet-v1.17.4 \
	kubeadm-v1.17.4 \
	kubectl-v1.17.4 \
	kubernetes-cni-0.8.7 \
	docker-ce-19.03.12-3.el7 docker-ce-cli-19.03.12-3.el7
sudo yum versionlock add docker-ce docker-ce-cli kubelet kubeadm kubectl kubernetes-cni

sudo systemctl daemon-reload
sudo systemctl enable --now docker
sudo systemctl enable --now kubelet
sudo systemctl restart kubelet
