set -xeu pipefail
export "PATH=$PATH:/sbin:/usr/local/bin:/opt/bin"

if [[ -d test-wd/pki ]]; then
	sudo rsync -av test-wd/pki/ /etc/kubernetes/pki/
	sudo chown -R root:root /etc/kubernetes
	rm -rf test-wd/pki
fi
sudo kubeadm --v=6 \
	init phase certs all \
	--config=test-wd/cfg/master_0.yaml
