set -xeu pipefail
export "PATH=$PATH:/sbin:/usr/local/bin:/opt/bin"

source /etc/kubeone/proxy-env


HOST_ARCH=""
case $(uname -m) in
x86_64)
	HOST_ARCH="amd64"
	;;
aarch64)
	HOST_ARCH="arm64"
	;;
*)
	echo "unsupported CPU architecture, exiting"
	exit 1
	;;
esac


sudo mkdir -p /opt/cni/bin
curl -L "https://github.com/containernetworking/plugins/releases/download/vv0.7.5/cni-plugins-${HOST_ARCH}-vv0.7.5.tgz" |
	sudo tar -C /opt/cni/bin -xz

RELEASE="vv1.17.4"

sudo mkdir -p /var/tmp/kube-binaries
cd /var/tmp/kube-binaries
sudo curl -L --remote-name-all \
	https://storage.googleapis.com/kubernetes-release/release/${RELEASE}/bin/linux/${HOST_ARCH}/kubeadm

sudo mkdir -p /opt/bin
cd /opt/bin
sudo systemctl stop kubelet
sudo mv /var/tmp/kube-binaries/kubeadm .
sudo chmod +x kubeadm
