set -xeuo pipefail
export "PATH=$PATH:/sbin:/usr/local/bin:/opt/bin"

sudo swapoff -a
sudo sed -i '/.*swap.*/d' /etc/fstab
sudo systemctl disable --now ufw || true

source /etc/kubeone/proxy-env


cat <<EOF | sudo tee /etc/modules-load.d/containerd.conf
overlay
br_netfilter
ip_tables
EOF
sudo modprobe overlay
sudo modprobe br_netfilter
sudo modprobe ip_tables
if modinfo nf_conntrack_ipv4 &> /dev/null; then
	sudo modprobe nf_conntrack_ipv4
else
	sudo modprobe nf_conntrack
fi
sudo mkdir -p /etc/sysctl.d
cat <<EOF | sudo tee /etc/sysctl.d/k8s.conf
fs.inotify.max_user_watches         = 1048576
kernel.panic                        = 10
kernel.panic_on_oops                = 1
net.bridge.bridge-nf-call-ip6tables = 1
net.bridge.bridge-nf-call-iptables  = 1
net.ipv4.ip_forward                 = 1
net.netfilter.nf_conntrack_max      = 1000000
vm.overcommit_memory                = 1
EOF
sudo sysctl --system


sudo mkdir -p /etc/systemd/journald.conf.d
cat <<EOF | sudo tee /etc/systemd/journald.conf.d/max_disk_use.conf
[Journal]
SystemMaxUse=5G
EOF
sudo systemctl force-reload systemd-journald


sudo mkdir -p /etc/apt/apt.conf.d
cat <<EOF | sudo tee /etc/apt/apt.conf.d/proxy.conf
Acquire::https::Proxy "http://https.proxy";
Acquire::http::Proxy "http://http.proxy";
EOF

sudo apt-get update
sudo DEBIAN_FRONTEND=noninteractive apt-get install --option "Dpkg::Options::=--force-confold" -y --no-install-recommends \
	apt-transport-https \
	ca-certificates \
	curl \
	gnupg \
	lsb-release \
	rsync
curl -fsSL https://packages.cloud.google.com/apt/doc/apt-key.gpg | sudo apt-key add -

# You'd think that kubernetes-$(lsb_release -sc) belongs there instead, but the debian repo
# contains neither kubeadm nor kubelet, and the docs themselves suggest using xenial repo.
echo "deb http://apt.kubernetes.io/ kubernetes-xenial main" | sudo tee /etc/apt/sources.list.d/kubernetes.list

sudo apt-get update

kube_ver="1.23.9*"
cni_ver="1.2.0*"



curl -fsSL https://download.docker.com/linux/ubuntu/gpg | sudo apt-key add -
# Docker provides two different apt repos for ubuntu, bionic and focal. The focal repo currently
# contains only Docker 19.03.14, which is not validated for all Kubernetes version.
# Therefore, we use bionic repo which has all Docker versions.
echo "deb https://download.docker.com/linux/ubuntu bionic stable" |
	sudo tee /etc/apt/sources.list.d/docker.list
sudo apt-get update


sudo apt-mark unhold docker-ce docker-ce-cli containerd.io || true

sudo DEBIAN_FRONTEND=noninteractive apt-get install \
	--option "Dpkg::Options::=--force-confold" \
	--no-install-recommends \
	-y \
	docker-ce=5:'20.10.*' \
	docker-ce-cli=5:'20.10.*' \
	containerd.io='1.6.*'
sudo apt-mark hold docker-ce docker-ce-cli containerd.io

sudo mkdir -p $(dirname /etc/docker/daemon.json)
sudo touch /etc/docker/daemon.json
sudo chmod 600 /etc/docker/daemon.json
cat <<EOF | sudo tee /etc/docker/daemon.json
{
	"exec-opts": [
		"native.cgroupdriver=systemd"
	],
	"storage-driver": "overlay2",
	"log-driver": "json-file",
	"log-opts": {
		"max-file": "5",
		"max-size": "100m"
	},
	"insecure-registries": [
		"127.0.0.1:5000"
	]
}
EOF
cat <<EOF | sudo tee /etc/crictl.yaml
runtime-endpoint: unix:///var/run/dockershim.sock
EOF

sudo systemctl daemon-reload
sudo systemctl enable containerd
sudo systemctl restart containerd
sudo systemctl enable --now docker
if systemctl status kubelet 2>&1 > /dev/null; then
	sudo systemctl restart kubelet
	sleep 10
fi





sudo DEBIAN_FRONTEND=noninteractive apt-get install \
	--option "Dpkg::Options::=--force-confold" \
	--no-install-recommends \
	-y \
	kubelet=${kube_ver} \
	kubeadm=${kube_ver} \
	kubectl=${kube_ver} \
	kubernetes-cni=${cni_ver}

sudo apt-mark hold kubelet kubeadm kubectl kubernetes-cni

sudo systemctl daemon-reload
sudo systemctl enable --now kubelet
sudo systemctl restart kubelet
