set -xeu pipefail
export "PATH=$PATH:/sbin:/usr/local/bin:/opt/bin"

mkdir -p ./subdir/test/pki/etcd
sudo cp /etc/kubernetes/pki/ca.crt ./subdir/test/pki/
sudo cp /etc/kubernetes/pki/ca.key ./subdir/test/pki/
sudo cp /etc/kubernetes/pki/sa.key ./subdir/test/pki/
sudo cp /etc/kubernetes/pki/sa.pub ./subdir/test/pki/
sudo cp /etc/kubernetes/pki/front-proxy-ca.crt ./subdir/test/pki/
sudo cp /etc/kubernetes/pki/front-proxy-ca.key ./subdir/test/pki/
sudo cp /etc/kubernetes/pki/etcd/ca.{crt,key} ./subdir/test/pki/etcd/
sudo chown -R "$(id -u):$(id -g)" ./subdir/test
