set -xeu pipefail
export "PATH=$PATH:/sbin:/usr/local/bin:/opt/bin"

sudo swapoff -a
sudo sed -i '/.*swap.*/d' /etc/fstab
sudo systemctl disable --now ufw || true

source /etc/kubeone/proxy-env


sudo mkdir -p /etc/docker
cat <<EOF | sudo tee /etc/docker/daemon.json
{
	"exec-opts": ["native.cgroupdriver=systemd"],
	"storage-driver": "overlay2",
	"log-driver": "json-file",
	"log-opts": {
		"max-size": "100m"
	}
}
EOF


sudo mkdir -p /etc/sysctl.d
cat <<EOF | sudo tee /etc/sysctl.d/k8s.conf
net.bridge.bridge-nf-call-ip6tables = 1
net.bridge.bridge-nf-call-iptables = 1
kernel.panic_on_oops = 1
kernel.panic = 10
net.ipv4.ip_forward = 1
vm.overcommit_memory = 1
fs.inotify.max_user_watches = 1048576
EOF
sudo sysctl --system


sudo mkdir -p /etc/systemd/journald.conf.d
cat <<EOF | sudo tee /etc/systemd/journald.conf.d/max_disk_use.conf
[Journal]
SystemMaxUse=5G
EOF
sudo systemctl force-reload systemd-journald


sudo mkdir -p /etc/apt/apt.conf.d
cat <<EOF | sudo tee /etc/apt/apt.conf.d/proxy.conf
Acquire::https::Proxy "http://https.proxy";
Acquire::http::Proxy "http://http.proxy";
EOF

sudo apt-get update
sudo DEBIAN_FRONTEND=noninteractive apt-get install --option "Dpkg::Options::=--force-confold" -y --no-install-recommends \
	apt-transport-https \
	ca-certificates \
	curl \
	lsb-release \
	rsync
curl -fsSL https://packages.cloud.google.com/apt/doc/apt-key.gpg | sudo apt-key add -
curl -fsSL https://download.docker.com/linux/ubuntu/gpg | sudo apt-key add -
echo "deb https://download.docker.com/linux/ubuntu bionic stable" |
	sudo tee /etc/apt/sources.list.d/docker.list

# You'd think that kubernetes-$(lsb_release -sc) belongs there instead, but the debian repo
# contains neither kubeadm nor kubelet, and the docs themselves suggest using xenial repo.
echo "deb http://apt.kubernetes.io/ kubernetes-xenial main" | sudo tee /etc/apt/sources.list.d/kubernetes.list

sudo apt-get update

kube_ver=$(apt-cache madison kubelet | grep "v1.17.4" | head -1 | awk '{print $3}')
cni_ver=$(apt-cache madison kubernetes-cni | grep "0.8.6" | head -1 | awk '{print $3}')

sudo DEBIAN_FRONTEND=noninteractive apt-get install \
	--option "Dpkg::Options::=--force-confold" \
	--no-install-recommends \
	-y \
	kubelet=${kube_ver} \
	kubeadm=${kube_ver} \
	kubectl=${kube_ver} \
	kubernetes-cni=${cni_ver} \
	docker-ce=5:19.03.12~3-0~ubuntu-bionic docker-ce-cli=5:19.03.12~3-0~ubuntu-bionic

sudo apt-mark hold docker-ce docker-ce-cli kubelet kubeadm kubectl kubernetes-cni

sudo systemctl daemon-reload
sudo systemctl enable --now docker
sudo systemctl enable --now kubelet
