set -xeu pipefail
export "PATH=$PATH:/sbin:/usr/local/bin:/opt/bin"

mkdir -p $HOME/.kube/
sudo cp /etc/kubernetes/admin.conf $HOME/.kube/config
sudo chown $(id -u):$(id -g) $HOME/.kube/config
