set -xeu pipefail
export "PATH=$PATH:/sbin:/usr/local/bin:/opt/bin"

if [[ -f /etc/kubernetes/admin.conf ]]; then
	sudo kubeadm  token create 123098 --ttl 1h
	exit 0;
fi
sudo kubeadm  \
	init --config=test-wd/cfg/master_0.yaml \
	--ignore-preflight-errors=DirAvailable--var-lib-etcd
