set -xeuo pipefail
export "PATH=$PATH:/sbin:/usr/local/bin:/opt/bin"

sudo swapoff -a
sudo sed -i '/.*swap.*/d' /etc/fstab
sudo setenforce 0 || true
[ -f /etc/selinux/config ] && sudo sed -i 's/SELINUX=enforcing/SELINUX=permissive/g' /etc/selinux/config
sudo systemctl disable --now firewalld || true

source /etc/kubeone/proxy-env


cat <<EOF | sudo tee /etc/modules-load.d/containerd.conf
overlay
br_netfilter
ip_tables
EOF
sudo modprobe overlay
sudo modprobe br_netfilter
sudo modprobe ip_tables
if modinfo nf_conntrack_ipv4 &> /dev/null; then
	sudo modprobe nf_conntrack_ipv4
else
	sudo modprobe nf_conntrack
fi
sudo mkdir -p /etc/sysctl.d
cat <<EOF | sudo tee /etc/sysctl.d/k8s.conf
fs.inotify.max_user_watches         = 1048576
kernel.panic                        = 10
kernel.panic_on_oops                = 1
net.bridge.bridge-nf-call-ip6tables = 1
net.bridge.bridge-nf-call-iptables  = 1
net.ipv4.ip_forward                 = 1
net.netfilter.nf_conntrack_max      = 1000000
vm.overcommit_memory                = 1
EOF
sudo sysctl --system


sudo mkdir -p /etc/systemd/journald.conf.d
cat <<EOF | sudo tee /etc/systemd/journald.conf.d/max_disk_use.conf
[Journal]
SystemMaxUse=5G
EOF
sudo systemctl force-reload systemd-journald


yum_proxy=""
yum_proxy="proxy=http://my-proxy.tld #kubeone"

grep -v '#kubeone' /etc/yum.conf > /tmp/yum.conf || true
echo -n "${yum_proxy}" >> /tmp/yum.conf
sudo mv /tmp/yum.conf /etc/yum.conf


cat <<EOF | sudo tee /etc/yum.repos.d/kubernetes.repo
[kubernetes]
name=Kubernetes
baseurl=https://pkgs.k8s.io/core:/stable:/v1.30/rpm/
enabled=1
gpgcheck=1
gpgkey=https://pkgs.k8s.io/core:/stable:/v1.30/rpm/repodata/repomd.xml.key
EOF

# We must clean 'yum' cache upon changing the package repository
# because older 'yum' versions (e.g. CentOS and Amazon Linux 2)
# don't detect the change otherwise.
sudo yum clean all
sudo yum makecache


sudo yum install -y \
	yum-plugin-versionlock \
	device-mapper-persistent-data \
	lvm2 \
	conntrack-tools \
	ebtables \
	socat \
	iproute-tc \
	rsync


sudo yum versionlock delete containerd || true
sudo yum install -y containerd-'1.7.*'
sudo yum versionlock add containerd


sudo mkdir -p $(dirname /etc/containerd/config.toml)
sudo touch /etc/containerd/config.toml
sudo chmod 600 /etc/containerd/config.toml
cat <<EOF | sudo tee /etc/containerd/config.toml
version = 2

[metrics]
address = "127.0.0.1:1338"

[plugins]
[plugins."io.containerd.grpc.v1.cri"]
sandbox_image = "registry.k8s.io/pause:3.9"
[plugins."io.containerd.grpc.v1.cri".containerd]
[plugins."io.containerd.grpc.v1.cri".containerd.runtimes]
[plugins."io.containerd.grpc.v1.cri".containerd.runtimes.runc]
runtime_type = "io.containerd.runc.v2"
[plugins."io.containerd.grpc.v1.cri".containerd.runtimes.runc.options]
SystemdCgroup = true
[plugins."io.containerd.grpc.v1.cri".registry]
[plugins."io.containerd.grpc.v1.cri".registry.mirrors]
[plugins."io.containerd.grpc.v1.cri".registry.mirrors."docker.io"]
endpoint = ["https://registry-1.docker.io"]

EOF
cat <<EOF | sudo tee /etc/crictl.yaml
runtime-endpoint: unix:///run/containerd/containerd.sock
EOF

sudo systemctl daemon-reload
sudo systemctl enable containerd
sudo systemctl restart containerd



sudo mkdir -p /opt/bin /etc/kubernetes/pki /etc/kubernetes/manifests

rm -rf /tmp/k8s-binaries
mkdir -p /tmp/k8s-binaries
cd /tmp/k8s-binaries
sudo mkdir -p /opt/cni/bin
curl -L "http://127.0.0.1/cni.tar.gz" | sudo tar -C /opt/cni/bin -xz
curl -L --output /tmp/k8s-binaries/node.tar.gz http://127.0.0.1/node.tar.gz
tar xvf node.tar.gz
sudo install --owner=0 --group=0 --mode=0755 /tmp/k8s-binaries/kubernetes/node/bin/kubelet /opt/bin/kubelet
sudo ln -sf /opt/bin/kubelet /usr/bin/
rm /tmp/k8s-binaries/kubernetes/node/bin/kubelet

cat <<EOF | sudo tee /etc/systemd/system/kubelet.service
[Unit]
Description=kubelet: The Kubernetes Node Agent
Documentation=https://kubernetes.io/docs/home/
Wants=network-online.target
After=network-online.target

[Service]
ExecStart=/opt/bin/kubelet
Restart=always
StartLimitInterval=0
RestartSec=10

[Install]
WantedBy=multi-user.target
EOF

sudo mkdir -p /etc/systemd/system/kubelet.service.d
cat <<EOF | sudo tee /etc/systemd/system/kubelet.service.d/10-kubeadm.conf
[Service]
Environment="KUBELET_KUBECONFIG_ARGS=--bootstrap-kubeconfig=/etc/kubernetes/bootstrap-kubelet.conf --kubeconfig=/etc/kubernetes/kubelet.conf"
Environment="KUBELET_CONFIG_ARGS=--config=/var/lib/kubelet/config.yaml"
# This is a file that "kubeadm init" and "kubeadm join" generates at runtime, populating the KUBELET_KUBEADM_ARGS variable dynamically
EnvironmentFile=-/var/lib/kubelet/kubeadm-flags.env
# This is a file that the user can use for overrides of the kubelet args as a last resort. Preferably, the user should use
# the .NodeRegistration.KubeletExtraArgs object in the configuration files instead. KUBELET_EXTRA_ARGS should be sourced from this file.
EnvironmentFile=-/etc/default/kubelet
ExecStart=
ExecStart=/opt/bin/kubelet \$KUBELET_KUBECONFIG_ARGS \$KUBELET_CONFIG_ARGS \$KUBELET_KUBEADM_ARGS \$KUBELET_EXTRA_ARGS
EOF
sudo install --owner=0 --group=0 --mode=0755 /tmp/k8s-binaries/kubernetes/node/bin/kubeadm /opt/bin/kubeadm
sudo ln -sf /opt/bin/kubeadm /usr/bin/
rm /tmp/k8s-binaries/kubernetes/node/bin/kubeadm
curl -L --output /tmp/k8s-binaries/kubectl http://127.0.0.1/kubectl.tar.gz
sudo install --owner=0 --group=0 --mode=0755 /tmp/k8s-binaries/kubectl /opt/bin/kubectl
sudo ln -sf /opt/bin/kubectl /usr/bin/
rm /tmp/k8s-binaries/kubectl



sudo systemctl daemon-reload
sudo systemctl enable --now kubelet
sudo systemctl restart kubelet
