set -xeuo pipefail
export "PATH=$PATH:/sbin:/usr/local/bin:/opt/bin"
sudo kubeadm  init phase control-plane apiserver \
	--config=test-wd/cfg/master_0.yaml

sudo kubeadm  init phase control-plane controller-manager \
	--config=test-wd/cfg/master_0.yaml
