name: demo
versions:
  kubernetes: 1.14.1
apiVersion: kubeone.io/v1alpha1
kind: KubeOneCluster
cloudProvider:
  name: aws
apiEndpoint:
  host: 1.1.1.1
  port: 6443
